
> GuiaFarmacologica@0.0.1 android
> react-native run-android --mode=release

[36m[1minfo[22m[39m [0mAnother process is running on port 8081.[0m
[?25l[36m?[39m [1mUse port 8082 instead?[22m [90m»[39m [90m- Use arrow-keys. Return to submit.[39m
[36m>[39m   [36m[4mYes[39m[24m[90m[39m
    No[90m[39m
[2K[1G[31m×[39m [1mUse port 8082 instead?[22m [90m»[39m Yes
[?25h[31m[1merror[22m[39m [0mPrompt cancelled.[0m
[36m[1minfo[22m[39m [0m[2mRun CLI with [0m--verbose[0m [2mflag for more details.[22m[2m[22m[0m
