
> GuiaFarmacologica@0.0.1 android
> react-native run-android --mode=release

[36m[1minfo[22m[39m [0mA dev server is already running for this project on port 8082.[0m
""adb"" no se reconoce como un comando interno o externo,
programa o archivo por lotes ejecutable.
[36m[1minfo[22m[39m [0mLaunching emulator...[0m
[31m[1merror[22m[39m [0mFailed to launch emulator. Reason: [2mNo emulators found as an output of `emulator -list-avds`[22m.[0m
[33m[1mwarn[22m[39m [0mPlease launch an emulator manually or connect a device. Otherwise app may fail to launch.[0m
[36m[1minfo[22m[39m [0mInstalling the app...[0m
> Task :gradle-plugin:settings-plugin:checkKotlinGradlePluginConfigurationErrors SKIPPED
> Task :gradle-plugin:shared:checkKotlinGradlePluginConfigurationErrors SKIPPED
> Task :gradle-plugin:shared:compileKotlin UP-TO-DATE
> Task :gradle-plugin:shared:compileJava NO-SOURCE
> Task :gradle-plugin:shared:processResources NO-SOURCE
> Task :gradle-plugin:shared:classes UP-TO-DATE
> Task :gradle-plugin:shared:jar UP-TO-DATE
> Task :gradle-plugin:settings-plugin:compileKotlin UP-TO-DATE
> Task :gradle-plugin:settings-plugin:compileJava NO-SOURCE
> Task :gradle-plugin:settings-plugin:pluginDescriptors UP-TO-DATE
> Task :gradle-plugin:settings-plugin:processResources UP-TO-DATE
> Task :gradle-plugin:settings-plugin:classes UP-TO-DATE
> Task :gradle-plugin:settings-plugin:jar UP-TO-DATE
> Task :gradle-plugin:react-native-gradle-plugin:checkKotlinGradlePluginConfigurationErrors SKIPPED
> Task :gradle-plugin:react-native-gradle-plugin:compileKotlin UP-TO-DATE
> Task :gradle-plugin:react-native-gradle-plugin:compileJava NO-SOURCE
> Task :gradle-plugin:react-native-gradle-plugin:pluginDescriptors UP-TO-DATE
> Task :gradle-plugin:react-native-gradle-plugin:processResources UP-TO-DATE
> Task :gradle-plugin:react-native-gradle-plugin:classes UP-TO-DATE
> Task :gradle-plugin:react-native-gradle-plugin:jar UP-TO-DATE

> Configure project :

[Incubating] Problems report is available at: file:///F:/programas/nuevo%20proyecto/GuiaFarmacologica/android/build/reports/problems/problems-report.html

Deprecated Gradle features were used in this build, making it incompatible with Gradle 10.

You can use '--warning-mode all' to show the individual deprecation warnings and determine if they come from your own scripts or plugins.

For more on this, please refer to https://docs.gradle.org/9.0.0/userguide/command_line_interface.html#sec:command_line_warnings in the Gradle documentation.
10 actionable tasks: 10 up-to-date
[0m[0m
[36m[1minfo[22m[39m [0m[2m[2m💡 Tip: Make sure that you have set up your development environment correctly, by running[22m[2m [0m[1mnpx react-native doctor[22m[2m[0m. [2mTo read more about doctor command visit: https://github.com/react-native-community/cli/blob/main/packages/cli-doctor/README.md#doctor 
[22m[2m[22m[0m
[0m********************************************************************************

WARNING: Setting `newArchEnabled=false` in your `gradle.properties` file is not
supported anymore since React Native 0.82.

You can remove the line from your `gradle.properties` file.

The application will run with the New Architecture enabled by default.

********************************************************************************


FAILURE: Build failed with an exception.

* What went wrong:
Cannot locate tasks that match 'app:installRelease' as task 'installRelease' is ambiguous in project ':app'. Candidates are: 'installFreeRelease', 'installPremiumRelease'.

* Try:
> Run gradlew tasks to get a list of available tasks.
> For more on name expansion, please refer to https://docs.gradle.org/9.0.0/userguide/command_line_interface.html#sec:name_abbreviation in the Gradle documentation.
> Run with --stacktrace option to get the stack trace.
> Run with --info or --debug option to get more log output.
> Run with --scan to generate a Build Scan (Powered by Develocity).
> Get more help at https://help.gradle.org.

BUILD FAILED in 9s[0m
[31m[1merror[22m[39m [0mFailed to install the app. Command failed with exit code 1: gradlew.bat app:installRelease -PreactNativeDevServerPort=8081
******************************************************************************** WARNING: Setting `newArchEnabled=false` in your `gradle.properties` file is not
supported anymore since React Native 0.82. You can remove the line from your `gradle.properties` file. The application will run with the New Architecture enabled by default. ******************************************************************************** FAILURE: Build failed with an exception. * What went wrong: Cannot locate tasks that match 'app:installRelease' as task 'installRelease' is ambiguous in project ':app'. Candidates are: 'installFreeRelease', 'installPremiumRelease'. * Try: > Run gradlew tasks to get a list of available tasks. > For more on name expansion, please refer to https://docs.gradle.org/9.0.0/userguide/command_line_interface.html#sec:name_abbreviation in the Gradle documentation. > Run with --stacktrace option to get the stack trace. > Run with --info or --debug option to get more log output. > Run with --scan to generate a Build Scan (Powered by Develocity). > Get more help at https://help.gradle.org. BUILD FAILED in 9s.[0m
[36m[1minfo[22m[39m [0m[2mRun CLI with [0m--verbose[0m [2mflag for more details.[22m[2m[22m[0m
